
> electrolux-dbms@0.1.0 build
> next build

   ▲ Next.js 14.1.0
   - Environments: .env.local

   Creating an optimized production build ...
Compiler edge-server unexpectedly exited with code: null and signal: SIGTERM
 ✓ Compiled successfully
   Linting and checking validity of types ...
   Collecting page data ...
PageNotFoundError: Cannot find module for page: /admin/data-import
    at getPagePath (d:\Programming\Projects\electrolux_ems\node_modules\next\dist\server\require.js:94:15)
    at requirePage (d:\Programming\Projects\electrolux_ems\node_modules\next\dist\server\require.js:99:22)
    at d:\Programming\Projects\electrolux_ems\node_modules\next\dist\server\load-components.js:74:84
    at process.processTicksAndRejections (node:internal/process/task_queues:105:5)
    at async loadComponentsImpl (d:\Programming\Projects\electrolux_ems\node_modules\next\dist\server\load-components.js:74:26)
    at async d:\Programming\Projects\electrolux_ems\node_modules\next\dist\build\utils.js:1115:32
    at async Span.traceAsyncFn (d:\Programming\Projects\electrolux_ems\node_modules\next\dist\trace\trace.js:151:20) {
  code: 'ENOENT'
}

> Build error occurred
Error: Failed to collect page data for /admin/data-import
    at d:\Programming\Projects\electrolux_ems\node_modules\next\dist\build\utils.js:1258:15
    at process.processTicksAndRejections (node:internal/process/task_queues:105:5) {
  type: 'Error'
}
